Executing workflow step 1 of 3: configure preset "ci-linux-gcc-debug"

-- Running vcpkg install
Detecting compiler hash for triplet x64-linux...
Compiler found: /usr/bin/c++
The following packages are already installed:
    fmt:x64-linux@12.1.0
    gtest:x64-linux@1.17.0#2
    magic-enum:x64-linux@0.9.7#1
  * vcpkg-cmake:x64-linux@2024-04-23
  * vcpkg-cmake-config:x64-linux@2024-05-23
The package fmt provides CMake targets:

    find_package(fmt CONFIG REQUIRED)
    target_link_libraries(main PRIVATE fmt::fmt)

    # Or use the header-only version
    find_package(fmt CONFIG REQUIRED)
    target_link_libraries(main PRIVATE fmt::fmt-header-only)

The package gtest is compatible with built-in CMake targets:

    enable_testing()
    
    find_package(GTest CONFIG REQUIRED)
    target_link_libraries(main PRIVATE GTest::gtest GTest::gtest_main GTest::gmock GTest::gmock_main)
    
    add_test(AllTestsInMain main)

magic-enum provides CMake targets:

    find_package(magic_enum CONFIG REQUIRED)
    target_link_libraries(main PRIVATE magic_enum::magic_enum)

All requested installations completed successfully in: 64.5 us
-- Running vcpkg install - done
-- Configuring done (6.1s)
-- Generating done (0.0s)
-- Build files have been written to: /root/code_libs/ptx_frontend/out/build/ci-linux-gcc-debug

Executing workflow step 2 of 3: build preset "ci-linux-gcc-debug"

[0/2] Re-checking globbed directories...
ninja: no work to do.

Executing workflow step 3 of 3: test preset "ci-linux-gcc-debug"

Test project /root/code_libs/ptx_frontend/out/build/ci-linux-gcc-debug
        Start   1: python_test
  1/397 Test   #1: python_test .......................................................................   Passed   12.35 sec
        Start   2: PtxLexerNew.EmitsEof
  2/397 Test   #2: PtxLexerNew.EmitsEof ..............................................................   Passed    0.00 sec
        Start   3: PtxLexerNew.InstructionOpcodeIsGenericIdent
  3/397 Test   #3: PtxLexerNew.InstructionOpcodeIsGenericIdent .......................................   Passed    0.00 sec
        Start   4: PtxLexerNew.MultipleOpcodesAreGenericIdent
  4/397 Test   #4: PtxLexerNew.MultipleOpcodesAreGenericIdent ........................................   Passed    0.00 sec
        Start   5: PtxLexerNew.TypeSuffixesAreDotIdent
  5/397 Test   #5: PtxLexerNew.TypeSuffixesAreDotIdent ...............................................   Passed    0.00 sec
        Start   6: PtxLexerNew.InstructionModifiersAreDotIdent
  6/397 Test   #6: PtxLexerNew.InstructionModifiersAreDotIdent .......................................   Passed    0.00 sec
        Start   7: PtxLexerNew.CompoundOpcodesAreIdentPlusDotIdent
  7/397 Test   #7: PtxLexerNew.CompoundOpcodesAreIdentPlusDotIdent ...................................   Passed    0.00 sec
        Start   8: PtxLexerNew.ComplexDotIdentifiersRemainSingleToken
  8/397 Test   #8: PtxLexerNew.ComplexDotIdentifiersRemainSingleToken ................................   Passed    0.00 sec
        Start   9: PtxLexerNew.PreservesLeadingTrivia
  9/397 Test   #9: PtxLexerNew.PreservesLeadingTrivia ................................................   Passed    0.00 sec
        Start  10: PtxLexerNew.PreservesTrailingTriviaOnEof
 10/397 Test  #10: PtxLexerNew.PreservesTrailingTriviaOnEof ..........................................   Passed    0.00 sec
        Start  11: PtxLexerNew.NumericLeadingDotShapesAreDotIdent
 11/397 Test  #11: PtxLexerNew.NumericLeadingDotShapesAreDotIdent ....................................   Passed    0.00 sec
        Start  12: PtxLexerNew.ModuleDirectivesRemainDedicatedTokens
 12/397 Test  #12: PtxLexerNew.ModuleDirectivesRemainDedicatedTokens .................................   Passed    0.00 sec
        Start  13: PtxLexerNew.KernelResourceDirectivesRemainDedicatedTokens
 13/397 Test  #13: PtxLexerNew.KernelResourceDirectivesRemainDedicatedTokens .........................   Passed    0.00 sec
        Start  14: PtxLexerNew.FileDirectiveRemainsDedicated
 14/397 Test  #14: PtxLexerNew.FileDirectiveRemainsDedicated .........................................   Passed    0.00 sec
        Start  15: PtxLexerNew.SectionDirectiveRemainsDedicated
 15/397 Test  #15: PtxLexerNew.SectionDirectiveRemainsDedicated ......................................   Passed    0.00 sec
        Start  16: PtxLexerNew.PragmaDirectiveRemainsDedicated
 16/397 Test  #16: PtxLexerNew.PragmaDirectiveRemainsDedicated .......................................   Passed    0.01 sec
        Start  17: PtxLexerNew.LocDirectiveKeepsAttributeWordsAsIdentifiers
 17/397 Test  #17: PtxLexerNew.LocDirectiveKeepsAttributeWordsAsIdentifiers ..........................   Passed    0.00 sec
        Start  18: PtxLexerNew.FunctionAndVisibilityDirectivesRemainDedicatedTokens
 18/397 Test  #18: PtxLexerNew.FunctionAndVisibilityDirectivesRemainDedicatedTokens ..................   Passed    0.00 sec
        Start  19: PtxLexerNew.CallPrototypeIsAControlFlowMetadataToken
 19/397 Test  #19: PtxLexerNew.CallPrototypeIsAControlFlowMetadataToken ..............................   Passed    0.00 sec
        Start  20: PtxLexerNew.CallTargetsIsAControlFlowMetadataToken
 20/397 Test  #20: PtxLexerNew.CallTargetsIsAControlFlowMetadataToken ................................   Passed    0.00 sec
        Start  21: PtxLexerNew.BranchTargetsIsAControlFlowMetadataToken
 21/397 Test  #21: PtxLexerNew.BranchTargetsIsAControlFlowMetadataToken ..............................   Passed    0.00 sec
        Start  22: PtxLexerNew.DeclarationDirectivesRemainDedicatedTokens
 22/397 Test  #22: PtxLexerNew.DeclarationDirectivesRemainDedicatedTokens ............................   Passed    0.00 sec
        Start  23: PtxLexerNew.RegisterDeclarationSnippet
 23/397 Test  #23: PtxLexerNew.RegisterDeclarationSnippet ............................................   Passed    0.00 sec
        Start  24: PtxLexerNew.LoadInstructionWithDeclarationLikeModifier
 24/397 Test  #24: PtxLexerNew.LoadInstructionWithDeclarationLikeModifier ............................   Passed    0.00 sec
        Start  25: PtxLexerNew.PredicateGuardAndInstruction
 25/397 Test  #25: PtxLexerNew.PredicateGuardAndInstruction ..........................................   Passed    0.00 sec
        Start  26: PtxLexerNew.ConstantExpressionOperatorsUseDedicatedTokens
 26/397 Test  #26: PtxLexerNew.ConstantExpressionOperatorsUseDedicatedTokens .........................   Passed    0.00 sec
        Start  27: PtxLexerNew.NumericLiterals
 27/397 Test  #27: PtxLexerNew.NumericLiterals .......................................................   Passed    0.00 sec
        Start  28: PtxLexerNew.StringLiteral
 28/397 Test  #28: PtxLexerNew.StringLiteral .........................................................   Passed    0.00 sec
        Start  29: PtxLexerNew.SkipsLineAndBlockComments
 29/397 Test  #29: PtxLexerNew.SkipsLineAndBlockComments .............................................   Passed    0.00 sec
        Start  30: PtxLexerNew.UnterminatedBlockCommentReturnsError
 30/397 Test  #30: PtxLexerNew.UnterminatedBlockCommentReturnsError ..................................   Passed    0.00 sec
        Start  31: PtxLexerNew.PeekDoesNotConsume
 31/397 Test  #31: PtxLexerNew.PeekDoesNotConsume ....................................................   Passed    0.00 sec
        Start  32: PtxCstFuzz.HandlesRepresentativeByteSeeds
 32/397 Test  #32: PtxCstFuzz.HandlesRepresentativeByteSeeds .........................................   Passed    0.00 sec
        Start  33: PtxCstParser.RoundTripsInstructionWithAllTriviaAndPunctuation
 33/397 Test  #33: PtxCstParser.RoundTripsInstructionWithAllTriviaAndPunctuation .....................   Passed    0.00 sec
        Start  34: PtxCstParser.RoundTripsUnmodifiedModuleTokenBufferByteForByte
 34/397 Test  #34: PtxCstParser.RoundTripsUnmodifiedModuleTokenBufferByteForByte .....................   Passed    0.00 sec
        Start  35: PtxCstParser.AcceptsWeakAsAnInstructionModifier
 35/397 Test  #35: PtxCstParser.AcceptsWeakAsAnInstructionModifier ...................................   Passed    0.00 sec
        Start  36: PtxCstParser.RetainsStructuredOperandDelimiterTokens
 36/397 Test  #36: PtxCstParser.RetainsStructuredOperandDelimiterTokens ..............................   Passed    0.00 sec
        Start  37: PtxCstParser.RetainsRegisterPredicatePairAsOneOperand
 37/397 Test  #37: PtxCstParser.RetainsRegisterPredicatePairAsOneOperand .............................   Passed    0.00 sec
        Start  38: PtxCstParser.RetainsDedicatedCallOperandStructure
 38/397 Test  #38: PtxCstParser.RetainsDedicatedCallOperandStructure .................................   Passed    0.00 sec
        Start  39: PtxCstParser.RetainsDedicatedDirectBranchTarget
 39/397 Test  #39: PtxCstParser.RetainsDedicatedDirectBranchTarget ...................................   Passed    0.00 sec
        Start  40: PtxCstParser.RetainsIndexedBranchTargetList
 40/397 Test  #40: PtxCstParser.RetainsIndexedBranchTargetList .......................................   Passed    0.00 sec
        Start  41: PtxCstParser.RejectsMalformedCallAndBranchLayouts
 41/397 Test  #41: PtxCstParser.RejectsMalformedCallAndBranchLayouts .................................   Passed    0.00 sec
        Start  42: PtxCstParser.ReportsSingleDiagnosticWithoutAValue
 42/397 Test  #42: PtxCstParser.ReportsSingleDiagnosticWithoutAValue .................................   Passed    0.00 sec
        Start  43: PtxCstParser.RetainsFunctionLocalCallPrototypeStructure
 43/397 Test  #43: PtxCstParser.RetainsFunctionLocalCallPrototypeStructure ...........................   Passed    0.01 sec
        Start  44: PtxCstParser.RejectsMalformedAndNonlocalCallPrototypeGrammar
 44/397 Test  #44: PtxCstParser.RejectsMalformedAndNonlocalCallPrototypeGrammar ......................   Passed    0.00 sec
        Start  45: PtxCstParser.RetainsFunctionLocalCallTargetsStructure
 45/397 Test  #45: PtxCstParser.RetainsFunctionLocalCallTargetsStructure .............................   Passed    0.00 sec
        Start  46: PtxCstParser.RejectsMalformedAndNonlocalCallTargetsGrammar
 46/397 Test  #46: PtxCstParser.RejectsMalformedAndNonlocalCallTargetsGrammar ........................   Passed    0.00 sec
        Start  47: PtxCstParser.RetainsFunctionLocalBranchTargetsStructure
 47/397 Test  #47: PtxCstParser.RetainsFunctionLocalBranchTargetsStructure ...........................   Passed    0.00 sec
        Start  48: PtxCstParser.RejectsMalformedAndNonlocalBranchTargetsGrammar
 48/397 Test  #48: PtxCstParser.RejectsMalformedAndNonlocalBranchTargetsGrammar ......................   Passed    0.00 sec
        Start  49: PtxCstParser.RejectsTrailingSignificantInput
 49/397 Test  #49: PtxCstParser.RejectsTrailingSignificantInput ......................................   Passed    0.00 sec
        Start  50: PtxCstParser.ParsesAndRoundTripsMinimalModule
 50/397 Test  #50: PtxCstParser.ParsesAndRoundTripsMinimalModule .....................................   Passed    0.00 sec
        Start  51: PtxCstParser.RetainsOutermostFileDirectivePayload
 51/397 Test  #51: PtxCstParser.RetainsOutermostFileDirectivePayload .................................   Passed    0.00 sec
        Start  52: PtxCstParser.RejectsMalformedOrNonlocalFileDirectives
 52/397 Test  #52: PtxCstParser.RejectsMalformedOrNonlocalFileDirectives .............................   Passed    0.00 sec
        Start  53: PtxCstParser.RetainsOutermostSectionPayload
 53/397 Test  #53: PtxCstParser.RetainsOutermostSectionPayload .......................................   Passed    0.00 sec
        Start  54: PtxCstParser.RejectsMalformedOrNonlocalSectionDirectives
 54/397 Test  #54: PtxCstParser.RejectsMalformedOrNonlocalSectionDirectives ..........................   Passed    0.00 sec
        Start  55: PtxCstParser.RecoversMissingSectionBraceBeforeFollowingFunction
 55/397 Test  #55: PtxCstParser.RecoversMissingSectionBraceBeforeFollowingFunction ...................   Passed    0.00 sec
        Start  56: PtxCstParser.RetainsPragmasAtAllSupportedScopes
 56/397 Test  #56: PtxCstParser.RetainsPragmasAtAllSupportedScopes ...................................   Passed    0.00 sec
        Start  57: PtxCstParser.RejectsMalformedOrInvalidHeaderPragmas
 57/397 Test  #57: PtxCstParser.RejectsMalformedOrInvalidHeaderPragmas ...............................   Passed    0.00 sec
        Start  58: PtxCstParser.RetainsEntryKernelResourceDirectives
 58/397 Test  #58: PtxCstParser.RetainsEntryKernelResourceDirectives .................................   Passed    0.00 sec
        Start  59: PtxCstParser.ParsesRequiredThreadCountDimensions
 59/397 Test  #59: PtxCstParser.ParsesRequiredThreadCountDimensions ..................................   Passed    0.00 sec
        Start  60: PtxCstParser.RejectsMalformedOrMisplacedKernelResourceDirectives
 60/397 Test  #60: PtxCstParser.RejectsMalformedOrMisplacedKernelResourceDirectives ..................   Passed    0.00 sec
        Start  61: PtxCstParser.RetainsNestedLocDirectiveStructure
 61/397 Test  #61: PtxCstParser.RetainsNestedLocDirectiveStructure ...................................   Passed    0.01 sec
        Start  62: PtxCstParser.RejectsMalformedOrModuleScopeLocDirectives
 62/397 Test  #62: PtxCstParser.RejectsMalformedOrModuleScopeLocDirectives ...........................   Passed    0.01 sec
        Start  63: PtxCstParser.FindsFuncNameAfterReturnParameterList
 63/397 Test  #63: PtxCstParser.FindsFuncNameAfterReturnParameterList ................................   Passed    0.00 sec
        Start  64: PtxCstParser.ParsesParameterAttributesArraysAndPrototype
 64/397 Test  #64: PtxCstParser.ParsesParameterAttributesArraysAndPrototype ..........................   Passed    0.00 sec
        Start  65: PtxCstParser.RejectsUnsupportedFunctionHeaderTokens
 65/397 Test  #65: PtxCstParser.RejectsUnsupportedFunctionHeaderTokens ...............................   Passed    0.00 sec
        Start  66: PtxCstParser.ParsesRegisterDeclarationsAndLabels
 66/397 Test  #66: PtxCstParser.ParsesRegisterDeclarationsAndLabels ..................................   Passed    0.00 sec
        Start  67: PtxCstParser.RetainsNestedFunctionBlocks
 67/397 Test  #67: PtxCstParser.RetainsNestedFunctionBlocks ..........................................   Passed    0.00 sec
        Start  68: PtxCstParser.RecoveryNodesPreserveSourceAndRecoveryInvariants
 68/397 Test  #68: PtxCstParser.RecoveryNodesPreserveSourceAndRecoveryInvariants .....................   Passed    0.00 sec
        Start  69: PtxCstParser.RecoversMissingBodySemicolonBeforeNextInstruction
 69/397 Test  #69: PtxCstParser.RecoversMissingBodySemicolonBeforeNextInstruction ....................   Passed    0.00 sec
        Start  70: PtxCstParser.RecoversNestedBlockAndModuleItemsInSourceOrder
 70/397 Test  #70: PtxCstParser.RecoversNestedBlockAndModuleItemsInSourceOrder .......................   Passed    0.00 sec
        Start  71: PtxCstParser.RecoversMissingFunctionBraceBeforeNextFunctionAndAtEof
 71/397 Test  #71: PtxCstParser.RecoversMissingFunctionBraceBeforeNextFunctionAndAtEof ...............   Passed    0.00 sec
        Start  72: PtxCstParser.RecoversStrayModuleTokenAndEofWithoutSyntheticTokens
 72/397 Test  #72: PtxCstParser.RecoversStrayModuleTokenAndEofWithoutSyntheticTokens .................   Passed    0.00 sec
        Start  73: PtxCstParser.RejectsNestedBlockMissingRightBrace
 73/397 Test  #73: PtxCstParser.RejectsNestedBlockMissingRightBrace ..................................   Passed    0.00 sec
        Start  74: PtxCstParser.DiagnosesExcessiveNestedBlockDepthWithoutCrashing
 74/397 Test  #74: PtxCstParser.DiagnosesExcessiveNestedBlockDepthWithoutCrashing ....................   Passed    0.00 sec
        Start  75: PtxCstParser.ParsesModuleAndFunctionVariableDeclarations
 75/397 Test  #75: PtxCstParser.ParsesModuleAndFunctionVariableDeclarations ..........................   Passed    0.00 sec
        Start  76: PtxCstParser.RetainsStructuredConstantExpressionsAndInitializers
 76/397 Test  #76: PtxCstParser.RetainsStructuredConstantExpressionsAndInitializers ..................   Passed    0.00 sec
        Start  77: PtxCstParser.RetainsNestedAndUnsizedArrayInitializer
 77/397 Test  #77: PtxCstParser.RetainsNestedAndUnsizedArrayInitializer ..............................   Passed    0.00 sec
        Start  78: PtxCstParser.RejectsInitializersInUnsupportedDeclarations
 78/397 Test  #78: PtxCstParser.RejectsInitializersInUnsupportedDeclarations .........................   Passed    0.00 sec
        Start  79: ParseResult.RetainsAValueAndOrderedDiagnostics
 79/397 Test  #79: ParseResult.RetainsAValueAndOrderedDiagnostics ....................................   Passed    0.00 sec
        Start  80: CstFile.DistinguishesInstructionFragmentAndModuleRoots
 80/397 Test  #80: CstFile.DistinguishesInstructionFragmentAndModuleRoots ............................   Passed    0.00 sec
        Start  81: PtxSyntaxParser.ParsesM9CorpusModulesWithoutDiagnostics
 81/397 Test  #81: PtxSyntaxParser.ParsesM9CorpusModulesWithoutDiagnostics ...........................   Passed    0.00 sec
        Start  82: PtxSyntaxParser.ParsesInstructionWithoutCstTrivia
 82/397 Test  #82: PtxSyntaxParser.ParsesInstructionWithoutCstTrivia .................................   Passed    0.00 sec
        Start  83: PtxSyntaxParser.ParsesPredicateAddressAndVectorMember
 83/397 Test  #83: PtxSyntaxParser.ParsesPredicateAddressAndVectorMember .............................   Passed    0.00 sec
        Start  84: PtxSyntaxParser.ParsesVectorPack
 84/397 Test  #84: PtxSyntaxParser.ParsesVectorPack ..................................................   Passed    0.00 sec
        Start  85: PtxSyntaxParser.LowersRegisterPredicatePairAsOneOperand
 85/397 Test  #85: PtxSyntaxParser.LowersRegisterPredicatePairAsOneOperand ...........................   Passed    0.00 sec
        Start  86: PtxSyntaxParser.LowersDedicatedCallAndBranchOperands
 86/397 Test  #86: PtxSyntaxParser.LowersDedicatedCallAndBranchOperands ..............................   Passed    0.00 sec
        Start  87: PtxSyntaxParser.LowersFunctionLocalCallPrototypePayload
 87/397 Test  #87: PtxSyntaxParser.LowersFunctionLocalCallPrototypePayload ...........................   Passed    0.00 sec
        Start  88: PtxSyntaxParser.LowersNestedFunctionBlocks
 88/397 Test  #88: PtxSyntaxParser.LowersNestedFunctionBlocks ........................................   Passed    0.00 sec
        Start  89: PtxSyntaxParser.LowersFunctionLocalCallTargetsPayload
 89/397 Test  #89: PtxSyntaxParser.LowersFunctionLocalCallTargetsPayload .............................   Passed    0.00 sec
        Start  90: PtxSyntaxParser.LowersFunctionLocalBranchTargetsPayload
 90/397 Test  #90: PtxSyntaxParser.LowersFunctionLocalBranchTargetsPayload ...........................   Passed    0.00 sec
        Start  91: PtxSyntaxParser.LowersUnbracketedAddressOffsetOperation
 91/397 Test  #91: PtxSyntaxParser.LowersUnbracketedAddressOffsetOperation ...........................   Passed    0.00 sec
        Start  92: PtxSyntaxParser.ParsesNegatedPredicateOperand
 92/397 Test  #92: PtxSyntaxParser.ParsesNegatedPredicateOperand .....................................   Passed    0.00 sec
        Start  93: PtxSyntaxParser.RejectsMissingInstructionTerminator
 93/397 Test  #93: PtxSyntaxParser.RejectsMissingInstructionTerminator ...............................   Passed    0.01 sec
        Start  94: PtxSyntaxParser.MapsCstDiagnosticsToSyntaxDiagnostics
 94/397 Test  #94: PtxSyntaxParser.MapsCstDiagnosticsToSyntaxDiagnostics .............................   Passed    0.00 sec
        Start  95: PtxSyntaxParser.LowersOnlyValidNeighborsOfRecoveredModuleCst
 95/397 Test  #95: PtxSyntaxParser.LowersOnlyValidNeighborsOfRecoveredModuleCst ......................   Passed    0.00 sec
        Start  96: PtxSyntaxParser.RejectsEmptyVectorPack
 96/397 Test  #96: PtxSyntaxParser.RejectsEmptyVectorPack ............................................   Passed    0.00 sec
        Start  97: PtxSyntaxParser.LowersMinimalModuleToTypedAst
 97/397 Test  #97: PtxSyntaxParser.LowersMinimalModuleToTypedAst .....................................   Passed    0.00 sec
        Start  98: PtxSyntaxParser.LowersTypedFileDirectives
 98/397 Test  #98: PtxSyntaxParser.LowersTypedFileDirectives .........................................   Passed    0.00 sec
        Start  99: PtxSyntaxParser.LowersRawSectionPayloadSyntax
 99/397 Test  #99: PtxSyntaxParser.LowersRawSectionPayloadSyntax .....................................   Passed    0.00 sec
        Start 100: PtxSyntaxParser.LowersPragmasAtAllSupportedScopes
100/397 Test #100: PtxSyntaxParser.LowersPragmasAtAllSupportedScopes .................................   Passed    0.00 sec
        Start 101: PtxSyntaxParser.LowersEntryKernelResourceDirectives
101/397 Test #101: PtxSyntaxParser.LowersEntryKernelResourceDirectives ...............................   Passed    0.00 sec
        Start 102: PtxSyntaxParser.LowersRequiredThreadCountDirective
102/397 Test #102: PtxSyntaxParser.LowersRequiredThreadCountDirective ................................   Passed    0.00 sec
        Start 103: PtxSyntaxParser.LowersNestedLocDirectives
103/397 Test #103: PtxSyntaxParser.LowersNestedLocDirectives .........................................   Passed    0.00 sec
        Start 104: PtxSyntaxParser.LowersFuncDefinition
104/397 Test #104: PtxSyntaxParser.LowersFuncDefinition ..............................................   Passed    0.00 sec
        Start 105: PtxSyntaxParser.LowersParameterAttributesArraysAndPrototype
105/397 Test #105: PtxSyntaxParser.LowersParameterAttributesArraysAndPrototype .......................   Passed    0.00 sec
        Start 106: PtxSyntaxParser.LowersRegisterDeclarationsAndLabels
106/397 Test #106: PtxSyntaxParser.LowersRegisterDeclarationsAndLabels ...............................   Passed    0.00 sec
        Start 107: PtxSyntaxParser.LowersModuleAndFunctionVariableDeclarations
107/397 Test #107: PtxSyntaxParser.LowersModuleAndFunctionVariableDeclarations .......................   Passed    0.00 sec
        Start 108: PtxSyntaxParser.LowersConstantExpressionPrecedenceAndConditional
108/397 Test #108: PtxSyntaxParser.LowersConstantExpressionPrecedenceAndConditional ..................   Passed    0.00 sec
        Start 109: PtxSyntaxParser.LowersEveryConstantBinaryOperator
109/397 Test #109: PtxSyntaxParser.LowersEveryConstantBinaryOperator .................................   Passed    0.00 sec
        Start 110: PtxSyntaxParser.LowersRemainingConstantUnaryOperators
110/397 Test #110: PtxSyntaxParser.LowersRemainingConstantUnaryOperators .............................   Passed    0.00 sec
        Start 111: PtxSyntaxParser.LowersNestedInitializerAndSymbolAddressOperator
111/397 Test #111: PtxSyntaxParser.LowersNestedInitializerAndSymbolAddressOperator ...................   Passed    0.00 sec
        Start 112: AstFile.DistinguishesInstructionFragmentAndModuleRoots
112/397 Test #112: AstFile.DistinguishesInstructionFragmentAndModuleRoots ............................   Passed    0.00 sec
        Start 113: SyntaxLower.RejectsModuleRootAsInstructionFragment
113/397 Test #113: SyntaxLower.RejectsModuleRootAsInstructionFragment ................................   Passed    0.00 sec
        Start 114: PtxSymbolTable.CollectsScopesAndBindsLexicalReferences
114/397 Test #114: PtxSymbolTable.CollectsScopesAndBindsLexicalReferences ............................   Passed    0.00 sec
        Start 115: PtxSymbolTable.BindsNestedBlocksLexicallyButKeepsControlMetadataLocal
115/397 Test #115: PtxSymbolTable.BindsNestedBlocksLexicallyButKeepsControlMetadataLocal .............   Passed    0.00 sec
        Start 116: PtxSymbolTable.SupportsParameterizedNamesOutsideRegisterSpace
116/397 Test #116: PtxSymbolTable.SupportsParameterizedNamesOutsideRegisterSpace .....................   Passed    0.00 sec
        Start 117: PtxSymbolTable.DiagnosesTrulyUnresolvedReferences
117/397 Test #117: PtxSymbolTable.DiagnosesTrulyUnresolvedReferences .................................   Passed    0.00 sec
        Start 118: PtxSymbolTable.ClassifiesSpecialRegistersAndExternalSymbols
118/397 Test #118: PtxSymbolTable.ClassifiesSpecialRegistersAndExternalSymbols .......................   Passed    0.00 sec
        Start 119: PtxSymbolTable.BindsDedicatedCallAndBranchReferences
119/397 Test #119: PtxSymbolTable.BindsDedicatedCallAndBranchReferences ..............................   Passed    0.00 sec
        Start 120: PtxSymbolTable.ClassifiesLocalCallParametersInTheirFunctionScope
120/397 Test #120: PtxSymbolTable.ClassifiesLocalCallParametersInTheirFunctionScope ..................   Passed    0.00 sec
        Start 121: PtxSymbolTable.CollectsFunctionLocalControlFlowMetadataSymbols
121/397 Test #121: PtxSymbolTable.CollectsFunctionLocalControlFlowMetadataSymbols ....................   Passed    0.01 sec
        Start 122: PtxSymbolTable.DiagnosesNonCallMetadataTargetSetReference
122/397 Test #122: PtxSymbolTable.DiagnosesNonCallMetadataTargetSetReference .........................   Passed    0.00 sec
        Start 123: PtxSymbolTable.DiagnosesInvalidIndexedBranchTargetSetReference
123/397 Test #123: PtxSymbolTable.DiagnosesInvalidIndexedBranchTargetSetReference ....................   Passed    0.00 sec
        Start 124: PtxSymbolTable.DiagnosesInvalidCallAndBranchTargetKinds
124/397 Test #124: PtxSymbolTable.DiagnosesInvalidCallAndBranchTargetKinds ...........................   Passed    0.00 sec
        Start 125: PtxSymbolTable.SpecialRegisterFamiliesHaveExactBounds
125/397 Test #125: PtxSymbolTable.SpecialRegisterFamiliesHaveExactBounds .............................   Passed    0.00 sec
        Start 126: PtxSymbolTable.SpecialRegisterMetadataCarriesTypeShapeAndAvailability
126/397 Test #126: PtxSymbolTable.SpecialRegisterMetadataCarriesTypeShapeAndAvailability .............   Passed    0.00 sec
        Start 127: PtxSymbolTable.DiagnosesDuplicateSymbolsAndInvalidCount
127/397 Test #127: PtxSymbolTable.DiagnosesDuplicateSymbolsAndInvalidCount ...........................   Passed    0.00 sec
        Start 128: PtxSymbolTable.DiagnosesOverlappingParameterizedNameSets
128/397 Test #128: PtxSymbolTable.DiagnosesOverlappingParameterizedNameSets ..........................   Passed    0.00 sec
        Start 129: PtxSymbolTable.BindsDebugMetadataInItsOwnNamespace
129/397 Test #129: PtxSymbolTable.BindsDebugMetadataInItsOwnNamespace ................................   Passed    0.00 sec
        Start 130: PtxSymbolTable.DiagnosesUnresolvedDebugMetadataAndDuplicateDebugLabel
130/397 Test #130: PtxSymbolTable.DiagnosesUnresolvedDebugMetadataAndDuplicateDebugLabel .............   Passed    0.00 sec
        Start 131: PtxSymbolTable.DiagnosesDebugFileIndexOutsideUint64
131/397 Test #131: PtxSymbolTable.DiagnosesDebugFileIndexOutsideUint64 ...............................   Passed    0.00 sec
        Start 132: CallArgumentCompatibility.AcceptsCompatibleScalarAndVectorValues
132/397 Test #132: CallArgumentCompatibility.AcceptsCompatibleScalarAndVectorValues ..................   Passed    0.00 sec
        Start 133: CallArgumentCompatibility.ReportsUnsupportedCallStateSpaces
133/397 Test #133: CallArgumentCompatibility.ReportsUnsupportedCallStateSpaces .......................   Passed    0.00 sec
        Start 134: CallArgumentCompatibility.DefaultsPointerAlignmentToFourBytes
134/397 Test #134: CallArgumentCompatibility.DefaultsPointerAlignmentToFourBytes .....................   Passed    0.00 sec
        Start 135: CallArgumentCompatibility.ReportsTypeAndArrayMismatches
135/397 Test #135: CallArgumentCompatibility.ReportsTypeAndArrayMismatches ...........................   Passed    0.01 sec
        Start 136: CallArgumentCompatibility.ChecksParameterByteArrays
136/397 Test #136: CallArgumentCompatibility.ChecksParameterByteArrays ...............................   Passed    0.00 sec
        Start 137: CallArgumentCompatibility.AcceptsSizedActualForUnsizedArrayFormal
137/397 Test #137: CallArgumentCompatibility.AcceptsSizedActualForUnsizedArrayFormal .................   Passed    0.00 sec
        Start 138: CallArgumentCompatibility.ChecksPointerContractAsymmetrically
138/397 Test #138: CallArgumentCompatibility.ChecksPointerContractAsymmetrically .....................   Passed    0.00 sec
        Start 139: CallArgumentCompatibility.GenericFormalPointerAcceptsConcreteActualSpace
139/397 Test #139: CallArgumentCompatibility.GenericFormalPointerAcceptsConcreteActualSpace ..........   Passed    0.00 sec
        Start 140: PtxDeclarationSemantics.AcceptsIncompleteAndInferredAggregates
140/397 Test #140: PtxDeclarationSemantics.AcceptsIncompleteAndInferredAggregates ....................   Passed    0.00 sec
        Start 141: PtxDeclarationSemantics.ValidatesArrayDimensionsAndInitializerShape
141/397 Test #141: PtxDeclarationSemantics.ValidatesArrayDimensionsAndInitializerShape ...............   Passed    0.00 sec
        Start 142: PtxDeclarationSemantics.ChecksDeclarationsAndMetadataInsideNestedBlocks
142/397 Test #142: PtxDeclarationSemantics.ChecksDeclarationsAndMetadataInsideNestedBlocks ...........   Passed    0.00 sec
        Start 143: PtxDeclarationSemantics.EvaluatesTypedSignedAndUnsignedIntegerDimensions
143/397 Test #143: PtxDeclarationSemantics.EvaluatesTypedSignedAndUnsignedIntegerDimensions ..........   Passed    0.00 sec
        Start 144: PtxDeclarationSemantics.ValidatesInitializerExpressionTypes
144/397 Test #144: PtxDeclarationSemantics.ValidatesInitializerExpressionTypes .......................   Passed    0.00 sec
        Start 145: PtxDeclarationSemantics.AcceptsCompatibleExternalAndFunctionDeclarations
145/397 Test #145: PtxDeclarationSemantics.AcceptsCompatibleExternalAndFunctionDeclarations ..........   Passed    0.00 sec
        Start 146: PtxDeclarationSemantics.BuildsReusableCanonicalFunctionSignatures
146/397 Test #146: PtxDeclarationSemantics.BuildsReusableCanonicalFunctionSignatures .................   Passed    0.00 sec
        Start 147: PtxDeclarationSemantics.RejectsIncompatibleRedeclarationsAndDefinitions
147/397 Test #147: PtxDeclarationSemantics.RejectsIncompatibleRedeclarationsAndDefinitions ...........   Passed    0.00 sec
        Start 148: PtxDeclarationSemantics.AcceptsCompatibleControlFlowMetadata
148/397 Test #148: PtxDeclarationSemantics.AcceptsCompatibleControlFlowMetadata ......................   Passed    0.00 sec
        Start 149: PtxDeclarationSemantics.ValidatesControlFlowMetadataDeclarations
149/397 Test #149: PtxDeclarationSemantics.ValidatesControlFlowMetadataDeclarations ..................   Passed    0.00 sec
        Start 150: PtxDeclarationSemantics.DiagnosesSymbolicDuplicateBranchTargetsBeforeResolution
150/397 Test #150: PtxDeclarationSemantics.DiagnosesSymbolicDuplicateBranchTargetsBeforeResolution ...   Passed    0.00 sec
        Start 151: PtxDeclarationSemantics.DiagnosesOverlappingCompactBranchTargetPrefixes
151/397 Test #151: PtxDeclarationSemantics.DiagnosesOverlappingCompactBranchTargetPrefixes ...........   Passed    0.00 sec
        Start 152: PtxDeclarationSemantics.UsesEachFunctionBodyScopeForBranchTargets
152/397 Test #152: PtxDeclarationSemantics.UsesEachFunctionBodyScopeForBranchTargets .................   Passed    0.00 sec
        Start 153: PtxDeclarationSemantics.RequiresPositivePowerOfTwoAlignment
153/397 Test #153: PtxDeclarationSemantics.RequiresPositivePowerOfTwoAlignment .......................   Passed    0.00 sec
        Start 154: PtxDeclarationSemantics.ChecksKernelResourcePtxAvailability
154/397 Test #154: PtxDeclarationSemantics.ChecksKernelResourcePtxAvailability .......................   Passed    0.00 sec
        Start 155: PtxDeclarationSemantics.RejectsConflictingKernelThreadCountsInOrder
155/397 Test #155: PtxDeclarationSemantics.RejectsConflictingKernelThreadCountsInOrder ...............   Passed    0.00 sec
        Start 156: PtxDeclarationSemantics.RejectsModuleScopeParameterVariables
156/397 Test #156: PtxDeclarationSemantics.RejectsModuleScopeParameterVariables ......................   Passed    0.00 sec
        Start 157: ResolvedModule.ResolvesAndChecksEveryM10CorpusModule
157/397 Test #157: ResolvedModule.ResolvesAndChecksEveryM10CorpusModule ..............................   Passed    0.01 sec
        Start 158: ResolvedModule.RejectsM10CorpusNegativeBoundaries
158/397 Test #158: ResolvedModule.RejectsM10CorpusNegativeBoundaries .................................   Passed    0.01 sec
        Start 159: ResolvedModule.ResolvesAndChecksEveryM9CorpusModule
159/397 Test #159: ResolvedModule.ResolvesAndChecksEveryM9CorpusModule ...............................   Passed    0.01 sec
        Start 160: ResolvedModule.CarriesFunctionAndRegisterSymbolIdentity
160/397 Test #160: ResolvedModule.CarriesFunctionAndRegisterSymbolIdentity ...........................   Passed    0.01 sec
        Start 161: ResolvedModule.ResolvesNegativeUnsignedImmediatesAtTargetWidth
161/397 Test #161: ResolvedModule.ResolvesNegativeUnsignedImmediatesAtTargetWidth ....................   Passed    0.01 sec
        Start 162: ResolvedModule.ResolvesBareRetInDeviceFunctionAndEntry
162/397 Test #162: ResolvedModule.ResolvesBareRetInDeviceFunctionAndEntry ............................   Passed    0.00 sec
        Start 163: ResolvedModule.ResolvesBareAndPredicatedExitInDeviceFunctionAndEntry
163/397 Test #163: ResolvedModule.ResolvesBareAndPredicatedExitInDeviceFunctionAndEntry ..............   Passed    0.01 sec
        Start 164: ResolvedModule.ResolvesBareAndPredicatedTrapInDeviceFunctionAndEntry
164/397 Test #164: ResolvedModule.ResolvesBareAndPredicatedTrapInDeviceFunctionAndEntry ..............   Passed    0.01 sec
        Start 165: ResolvedModule.ResolvesAndChecksM10CacheHintEvictionSlice
165/397 Test #165: ResolvedModule.ResolvesAndChecksM10CacheHintEvictionSlice .........................   Passed    0.01 sec
        Start 166: ResolvedModule.RejectsM10CacheHintPolicyWithoutU64Register
166/397 Test #166: ResolvedModule.RejectsM10CacheHintPolicyWithoutU64Register ........................   Passed    0.01 sec
        Start 167: ResolvedModule.ResolvesAndChecksLduGlobalU32Slice
167/397 Test #167: ResolvedModule.ResolvesAndChecksLduGlobalU32Slice .................................   Passed    0.01 sec
        Start 168: ResolvedModule.ResolvesAndChecksPrefetchGlobalL1Slice
168/397 Test #168: ResolvedModule.ResolvesAndChecksPrefetchGlobalL1Slice .............................   Passed    0.01 sec
        Start 169: ResolvedModule.ResolvesAndChecksCpAsyncCaSharedGlobalSlice
169/397 Test #169: ResolvedModule.ResolvesAndChecksCpAsyncCaSharedGlobalSlice ........................   Passed    0.01 sec
        Start 170: ResolvedModule.ChecksCpAsyncDynamicAddressAlignment
170/397 Test #170: ResolvedModule.ChecksCpAsyncDynamicAddressAlignment ...............................   Passed    0.01 sec
        Start 171: ResolvedModule.ResolvesAndChecksCpAsyncCommitGroupSlice
171/397 Test #171: ResolvedModule.ResolvesAndChecksCpAsyncCommitGroupSlice ...........................   Passed    0.01 sec
        Start 172: ResolvedModule.ResolvesAndChecksCpAsyncWaitGroupSlice
172/397 Test #172: ResolvedModule.ResolvesAndChecksCpAsyncWaitGroupSlice .............................   Passed    0.01 sec
        Start 173: ResolvedModule.ResolvesAndChecksCpAsyncWaitAllSlice
173/397 Test #173: ResolvedModule.ResolvesAndChecksCpAsyncWaitAllSlice ...............................   Passed    0.01 sec
        Start 174: ResolvedModule.ResolvesAndChecksLdmatrixSyncAlignedM8n8X2SharedB16Slice
174/397 Test #174: ResolvedModule.ResolvesAndChecksLdmatrixSyncAlignedM8n8X2SharedB16Slice ...........   Passed    0.01 sec
        Start 175: ResolvedModule.ResolvesAndChecksMmaSyncAlignedM16n8k8RowColSlice
175/397 Test #175: ResolvedModule.ResolvesAndChecksMmaSyncAlignedM16n8k8RowColSlice ..................   Passed    0.01 sec
        Start 176: ResolvedModule.ResolvesAndChecksMembarCtaSlice
176/397 Test #176: ResolvedModule.ResolvesAndChecksMembarCtaSlice ....................................   Passed    0.01 sec
        Start 177: ResolvedModule.ResolvesAndChecksFenceAcqRelCtaSlice
177/397 Test #177: ResolvedModule.ResolvesAndChecksFenceAcqRelCtaSlice ...............................   Passed    0.01 sec
        Start 178: ResolvedModule.ResolvesAndChecksAtomGlobalRelaxedCtaAddU32Slice
178/397 Test #178: ResolvedModule.ResolvesAndChecksAtomGlobalRelaxedCtaAddU32Slice ...................   Passed    0.01 sec
        Start 179: ResolvedModule.ResolvesAndChecksRedGlobalRelaxedCtaAddU32Slice
179/397 Test #179: ResolvedModule.ResolvesAndChecksRedGlobalRelaxedCtaAddU32Slice ....................   Passed    0.01 sec
        Start 180: ResolvedModule.ResolvesAndChecksActivemaskB32Slice
180/397 Test #180: ResolvedModule.ResolvesAndChecksActivemaskB32Slice ................................   Passed    0.01 sec
        Start 181: ResolvedModule.ResolvesAndChecksVoteSyncBallotB32Slice
181/397 Test #181: ResolvedModule.ResolvesAndChecksVoteSyncBallotB32Slice ............................   Passed    0.01 sec
        Start 182: ResolvedModule.ResolvesAndChecksShflSyncIdxB32Slice
182/397 Test #182: ResolvedModule.ResolvesAndChecksShflSyncIdxB32Slice ...............................   Passed    0.01 sec
        Start 183: ResolvedModule.ChecksAndB32RegisterCompatibilityAndWidth
183/397 Test #183: ResolvedModule.ChecksAndB32RegisterCompatibilityAndWidth ..........................   Passed    0.01 sec
        Start 184: ResolvedModule.ChecksOrB32RegisterCompatibilityAndWidth
184/397 Test #184: ResolvedModule.ChecksOrB32RegisterCompatibilityAndWidth ...........................   Passed    0.01 sec
        Start 185: ResolvedModule.ChecksXorB32RegisterCompatibilityAndWidth
185/397 Test #185: ResolvedModule.ChecksXorB32RegisterCompatibilityAndWidth ..........................   Passed    0.01 sec
        Start 186: ResolvedModule.ChecksNotB32RegisterCompatibilityAndWidth
186/397 Test #186: ResolvedModule.ChecksNotB32RegisterCompatibilityAndWidth ..........................   Passed    0.01 sec
        Start 187: ResolvedModule.ChecksShlB32DataAndAmountWidths
187/397 Test #187: ResolvedModule.ChecksShlB32DataAndAmountWidths ....................................   Passed    0.01 sec
        Start 188: ResolvedModule.ChecksShrU32DataAndAmountWidths
188/397 Test #188: ResolvedModule.ChecksShrU32DataAndAmountWidths ....................................   Passed    0.01 sec
        Start 189: ResolvedModule.ChecksSetpLtU32OperandTypes
189/397 Test #189: ResolvedModule.ChecksSetpLtU32OperandTypes ........................................   Passed    0.01 sec
        Start 190: ResolvedModule.ChecksSelpU32OperandTypes
190/397 Test #190: ResolvedModule.ChecksSelpU32OperandTypes ..........................................   Passed    0.01 sec
        Start 191: ResolvedModule.ChecksCvtS32U32OperandTypesAndWidths
191/397 Test #191: ResolvedModule.ChecksCvtS32U32OperandTypesAndWidths ...............................   Passed    0.01 sec
        Start 192: ResolvedModule.ChecksCvtRnF32F64OperandTypes
192/397 Test #192: ResolvedModule.ChecksCvtRnF32F64OperandTypes ......................................   Passed    0.00 sec
        Start 193: ResolvedModule.ChecksMixedCvtOperandTypes
193/397 Test #193: ResolvedModule.ChecksMixedCvtOperandTypes .........................................   Passed    0.01 sec
        Start 194: ResolvedModule.ChecksCvtaU64OperandWidths
194/397 Test #194: ResolvedModule.ChecksCvtaU64OperandWidths .........................................   Passed    0.01 sec
        Start 195: ResolvedModule.ChecksMulLoU32OperandTypes
195/397 Test #195: ResolvedModule.ChecksMulLoU32OperandTypes .........................................   Passed    0.01 sec
        Start 196: ResolvedModule.ChecksMulRnF32OperandTypes
196/397 Test #196: ResolvedModule.ChecksMulRnF32OperandTypes .........................................   Passed    0.01 sec
        Start 197: ResolvedModule.ChecksMadLoU32OperandTypes
197/397 Test #197: ResolvedModule.ChecksMadLoU32OperandTypes .........................................   Passed    0.01 sec
        Start 198: ResolvedModule.ChecksFmaRnF32OperandTypes
198/397 Test #198: ResolvedModule.ChecksFmaRnF32OperandTypes .........................................   Passed    0.01 sec
        Start 199: ResolvedModule.ChecksDivU32OperandTypes
199/397 Test #199: ResolvedModule.ChecksDivU32OperandTypes ...........................................   Passed    0.01 sec
        Start 200: ResolvedModule.ReportsRegistersMissingFromTheBoundScope
200/397 Test #200: ResolvedModule.ReportsRegistersMissingFromTheBoundScope ...........................   Passed    0.00 sec
        Start 201: ResolvedModule.ResolvesNestedBlocksInSourceOrder
201/397 Test #201: ResolvedModule.ResolvesNestedBlocksInSourceOrder ..................................   Passed    0.01 sec
        Start 202: ResolvedModule.ResolvesFunctionLocalControlTargetsInsideNestedBlocks
202/397 Test #202: ResolvedModule.ResolvesFunctionLocalControlTargetsInsideNestedBlocks ..............   Passed    0.01 sec
        Start 203: ResolvedModule.DoesNotStageCallsAcrossNestedBlockBoundaries
203/397 Test #203: ResolvedModule.DoesNotStageCallsAcrossNestedBlockBoundaries .......................   Passed    0.01 sec
        Start 204: ResolvedModule.DistinguishesSpecialRegistersFromMissingDeclarations
204/397 Test #204: ResolvedModule.DistinguishesSpecialRegistersFromMissingDeclarations ...............   Passed    0.00 sec
        Start 205: ResolvedModule.ResolvesAndChecksSpecialRegisterMetadata
205/397 Test #205: ResolvedModule.ResolvesAndChecksSpecialRegisterMetadata ...........................   Passed    0.00 sec
        Start 206: ResolvedModule.ChecksSpecialRegisterSmAndTypeRequirements
206/397 Test #206: ResolvedModule.ChecksSpecialRegisterSmAndTypeRequirements .........................   Passed    0.00 sec
        Start 207: ResolvedModule.ResolvesScalarSpecialRegisterComponentsOnly
207/397 Test #207: ResolvedModule.ResolvesScalarSpecialRegisterComponentsOnly ........................   Passed    0.01 sec
        Start 208: ResolvedModule.ResolvesBoundSymbolsAndAddressBases
208/397 Test #208: ResolvedModule.ResolvesBoundSymbolsAndAddressBases ................................   Passed    0.01 sec
        Start 209: ResolvedModule.ChecksGenericLoadAvailability
209/397 Test #209: ResolvedModule.ChecksGenericLoadAvailability ......................................   Passed    0.01 sec
        Start 210: ResolvedModule.ChecksGenericLoadStoreAddressStateSpacePolicy
210/397 Test #210: ResolvedModule.ChecksGenericLoadStoreAddressStateSpacePolicy ......................   Passed    0.01 sec
        Start 211: ResolvedModule.ResolvesGenericAndExplicitScalarLoadStoreForms
211/397 Test #211: ResolvedModule.ResolvesGenericAndExplicitScalarLoadStoreForms .....................   Passed    0.01 sec
        Start 212: ResolvedModule.ResolvesEveryLegalLoadStoreCacheOperator
212/397 Test #212: ResolvedModule.ResolvesEveryLegalLoadStoreCacheOperator ...........................   Passed    0.01 sec
        Start 213: ResolvedModule.ChecksExplicitCacheOperatorAvailabilityAndOmittedBaseline
213/397 Test #213: ResolvedModule.ChecksExplicitCacheOperatorAvailabilityAndOmittedBaseline ..........   Passed    0.00 sec
        Start 214: ResolvedModule.ResolvesAndChecksLoadStoreScalarTypeFamily
214/397 Test #214: ResolvedModule.ResolvesAndChecksLoadStoreScalarTypeFamily .........................   Passed    0.01 sec
        Start 215: ResolvedModule.ChecksLoadStoreF64Availability
215/397 Test #215: ResolvedModule.ChecksLoadStoreF64Availability .....................................   Passed    0.01 sec
        Start 216: ResolvedModule.ChecksBoundLoadStoreRegisterWidthPolicy
216/397 Test #216: ResolvedModule.ChecksBoundLoadStoreRegisterWidthPolicy ............................   Passed    0.01 sec
        Start 217: ResolvedModule.ResolvesAndChecksLegacyLoadStoreRegisterVectors
217/397 Test #217: ResolvedModule.ResolvesAndChecksLegacyLoadStoreRegisterVectors ....................   Passed    0.01 sec
        Start 218: ResolvedModule.ChecksBoundAndImmediateAddressAlignment
218/397 Test #218: ResolvedModule.ChecksBoundAndImmediateAddressAlignment ............................   Passed    0.01 sec
        Start 219: ResolvedModule.RejectsInvalidLegacyLoadStoreRegisterVectors
219/397 Test #219: ResolvedModule.RejectsInvalidLegacyLoadStoreRegisterVectors .......................   Passed    0.01 sec
        Start 220: ResolvedModule.ChecksModernLoadStoreRegisterVectors
220/397 Test #220: ResolvedModule.ChecksModernLoadStoreRegisterVectors ...............................   Passed    0.01 sec
        Start 221: ResolvedModule.KeepsNonMemoryRegisterWidthChecksStrict
221/397 Test #221: ResolvedModule.KeepsNonMemoryRegisterWidthChecksStrict ............................   Passed    0.01 sec
        Start 222: ResolvedModule.ChecksBasicExplicitAddressStateSpaces
222/397 Test #222: ResolvedModule.ChecksBasicExplicitAddressStateSpaces ..............................   Passed    0.01 sec
        Start 223: ResolvedModule.RejectsConstStoreModifier
223/397 Test #223: ResolvedModule.RejectsConstStoreModifier ..........................................   Passed    0.00 sec
        Start 224: ResolvedModule.RejectsParamAddressThroughExplicitGlobalLoad
224/397 Test #224: ResolvedModule.RejectsParamAddressThroughExplicitGlobalLoad .......................   Passed    0.01 sec
        Start 225: ResolvedModule.ChecksExplicitParameterAddressSemantics
225/397 Test #225: ResolvedModule.ChecksExplicitParameterAddressSemantics ............................   Passed    0.01 sec
        Start 226: ResolvedModule.ChecksStandaloneExplicitParameterAvailability
226/397 Test #226: ResolvedModule.ChecksStandaloneExplicitParameterAvailability ......................   Passed    0.01 sec
        Start 227: ResolvedModule.RejectsNarrowStoreSourceRegisterType
227/397 Test #227: ResolvedModule.RejectsNarrowStoreSourceRegisterType ...............................   Passed    0.01 sec
        Start 228: ResolvedModule.RejectsUnbracketedStoreAddress
228/397 Test #228: ResolvedModule.RejectsUnbracketedStoreAddress .....................................   Passed    0.00 sec
        Start 229: ResolvedModule.ResolvesMovRegisterImmediateAndSymbolOffsetSources
229/397 Test #229: ResolvedModule.ResolvesMovRegisterImmediateAndSymbolOffsetSources .................   Passed    0.01 sec
        Start 230: ResolvedModule.ChecksMovRegisterSourceType
230/397 Test #230: ResolvedModule.ChecksMovRegisterSourceType ........................................   Passed    0.01 sec
        Start 231: ResolvedModule.ResolvesAndChecksMovScalarTypeFamilies
231/397 Test #231: ResolvedModule.ResolvesAndChecksMovScalarTypeFamilies .............................   Passed    0.01 sec
        Start 232: ResolvedModule.ResolvesAndChecksMovRegisterVectorPackAndUnpack
232/397 Test #232: ResolvedModule.ResolvesAndChecksMovRegisterVectorPackAndUnpack ....................   Passed    0.01 sec
        Start 233: ResolvedModule.RejectsInvalidMovRegisterVectorForms
233/397 Test #233: ResolvedModule.RejectsInvalidMovRegisterVectorForms ...............................   Passed    0.01 sec
        Start 234: ResolvedModule.ChecksLegacySpecialRegisterMoveWidths
234/397 Test #234: ResolvedModule.ChecksLegacySpecialRegisterMoveWidths ..............................   Passed    0.01 sec
        Start 235: ResolvedModule.RejectsSixteenBitMovAddress
235/397 Test #235: ResolvedModule.RejectsSixteenBitMovAddress ........................................   Passed    0.01 sec
        Start 236: ResolvedModule.ResolvesAndChecksPredicateMove
236/397 Test #236: ResolvedModule.ResolvesAndChecksPredicateMove .....................................   Passed    0.00 sec
        Start 237: ResolvedModule.ResolvesU32MovSymbolAddressSource
237/397 Test #237: ResolvedModule.ResolvesU32MovSymbolAddressSource ..................................   Passed    0.00 sec
        Start 238: ResolvedModule.ResolvesKernelAndDeviceFunctionParameterAddresses
238/397 Test #238: ResolvedModule.ResolvesKernelAndDeviceFunctionParameterAddresses ..................   Passed    0.01 sec
        Start 239: ResolvedModule.ChecksDeviceParameterAddressAvailability
239/397 Test #239: ResolvedModule.ChecksDeviceParameterAddressAvailability ...........................   Passed    0.01 sec
        Start 240: ResolvedModule.ResolvesAndChecksFunctionAddresses
240/397 Test #240: ResolvedModule.ResolvesAndChecksFunctionAddresses .................................   Passed    0.01 sec
        Start 241: ResolvedModule.PreservesDirectDeviceParameterAddressSpace
241/397 Test #241: ResolvedModule.PreservesDirectDeviceParameterAddressSpace .........................   Passed    0.01 sec
        Start 242: ResolvedModule.RejectsLocallyScopedParamVariableAddress
242/397 Test #242: ResolvedModule.RejectsLocallyScopedParamVariableAddress ...........................   Passed    0.01 sec
        Start 243: ResolvedModule.ResolvesAndChecksLocalCallParameterAddresses
243/397 Test #243: ResolvedModule.ResolvesAndChecksLocalCallParameterAddresses .......................   Passed    0.01 sec
        Start 244: ResolvedModule.IgnoresLocDirectivesForCallParameterStaging
244/397 Test #244: ResolvedModule.IgnoresLocDirectivesForCallParameterStaging ........................   Passed    0.01 sec
        Start 245: ResolvedModule.IgnoresPragmasForCallParameterStaging
245/397 Test #245: ResolvedModule.IgnoresPragmasForCallParameterStaging ..............................   Passed    0.01 sec
        Start 246: ResolvedModule.KeepsStandaloneAddressAndSymbolIdentityOpen
246/397 Test #246: ResolvedModule.KeepsStandaloneAddressAndSymbolIdentityOpen ........................   Passed    0.01 sec
        Start 247: ResolvedModule.RejectsUnbracketedLoadAddress
247/397 Test #247: ResolvedModule.RejectsUnbracketedLoadAddress ......................................   Passed    0.01 sec
        Start 248: ResolvedModule.RejectsNonRegisterSymbolsInRegisterOperands
248/397 Test #248: ResolvedModule.RejectsNonRegisterSymbolsInRegisterOperands ........................   Passed    0.00 sec
        Start 249: ResolvedModule.CheckerUsesDeclarationBoundRegisterTypes
249/397 Test #249: ResolvedModule.CheckerUsesDeclarationBoundRegisterTypes ...........................   Passed    0.01 sec
        Start 250: ResolvedModule.BindsPredicateOperandsByDeclarationType
250/397 Test #250: ResolvedModule.BindsPredicateOperandsByDeclarationType ............................   Passed    0.01 sec
        Start 251: ResolvedModule.PreservesAndBindsExecutionPredicate
251/397 Test #251: ResolvedModule.PreservesAndBindsExecutionPredicate ................................   Passed    0.00 sec
        Start 252: ResolvedModule.RejectsNonPredicateExecutionGuard
252/397 Test #252: ResolvedModule.RejectsNonPredicateExecutionGuard ..................................   Passed    0.00 sec
        Start 253: ResolvedModule.ResolvesPredicatedDirectBranchTarget
253/397 Test #253: ResolvedModule.ResolvesPredicatedDirectBranchTarget ...............................   Passed    0.00 sec
        Start 254: ResolvedModule.StandaloneBranchTargetRemainsUnbound
254/397 Test #254: ResolvedModule.StandaloneBranchTargetRemainsUnbound ...............................   Passed    0.00 sec
        Start 255: ResolvedModule.ResolvesIndexedBranchTargetSetInCurrentFunction
255/397 Test #255: ResolvedModule.ResolvesIndexedBranchTargetSetInCurrentFunction ....................   Passed    0.00 sec
        Start 256: ResolvedModule.IndexedBranchRequiresU32IndexRegister
256/397 Test #256: ResolvedModule.IndexedBranchRequiresU32IndexRegister ..............................   Passed    0.01 sec
        Start 257: ResolvedModule.ResolvesDirectCallGroupsAndPreservesBindings
257/397 Test #257: ResolvedModule.ResolvesDirectCallGroupsAndPreservesBindings .......................   Passed    0.01 sec
        Start 258: ResolvedModule.ChecksDirectCallAbiForMixedParametersAndLiterals
258/397 Test #258: ResolvedModule.ChecksDirectCallAbiForMixedParametersAndLiterals ...................   Passed    0.01 sec
        Start 259: ResolvedModule.ReportsDirectCallAbiArityMismatches
259/397 Test #259: ResolvedModule.ReportsDirectCallAbiArityMismatches ................................   Passed    0.01 sec
        Start 260: ResolvedModule.ReportsDirectCallAbiPropertyAndLiteralMismatches
260/397 Test #260: ResolvedModule.ReportsDirectCallAbiPropertyAndLiteralMismatches ...................   Passed    0.01 sec
        Start 261: ResolvedModule.AcceptsDirectCallsAcrossFunctionLifecycles
261/397 Test #261: ResolvedModule.AcceptsDirectCallsAcrossFunctionLifecycles .........................   Passed    0.01 sec
        Start 262: ResolvedModule.ReportsDirectCallArityAndElementRanges
262/397 Test #262: ResolvedModule.ReportsDirectCallArityAndElementRanges .............................   Passed    0.01 sec
        Start 263: ResolvedModule.RejectsLocalAndGlobalDirectCallActuals
263/397 Test #263: ResolvedModule.RejectsLocalAndGlobalDirectCallActuals .............................   Passed    0.00 sec
        Start 264: ResolvedModule.EnforcesPtx93CallParameterContexts
264/397 Test #264: ResolvedModule.EnforcesPtx93CallParameterContexts .................................   Passed    0.01 sec
        Start 265: ResolvedModule.RejectsInvalidPtx93CallParameterContexts
265/397 Test #265: ResolvedModule.RejectsInvalidPtx93CallParameterContexts ...........................   Passed    0.01 sec
        Start 266: ResolvedModule.ResolvesIndirectCallsWithFunctionLocalMetadata
266/397 Test #266: ResolvedModule.ResolvesIndirectCallsWithFunctionLocalMetadata .....................   Passed    0.01 sec
        Start 267: ResolvedModule.ReportsIndirectCallAbiMismatches
267/397 Test #267: ResolvedModule.ReportsIndirectCallAbiMismatches ...................................   Passed    0.01 sec
        Start 268: ResolvedModule.IsolatesSameNamedIndirectMetadataByFunctionScope
268/397 Test #268: ResolvedModule.IsolatesSameNamedIndirectMetadataByFunctionScope ...................   Passed    0.00 sec
        Start 269: ResolvedModule.RejectsEntryAsDirectCallTarget
269/397 Test #269: ResolvedModule.RejectsEntryAsDirectCallTarget .....................................   Passed    0.00 sec
        Start 270: ResolvedModule.StandaloneDirectCallRemainsUnbound
270/397 Test #270: ResolvedModule.StandaloneDirectCallRemainsUnbound .................................   Passed    0.00 sec
        Start 271: ResolvedModule.StandaloneResolutionRemainsDeclarationFree
271/397 Test #271: ResolvedModule.StandaloneResolutionRemainsDeclarationFree .........................   Passed    0.01 sec
        Start 272: ResolvedModule.RunsDeclarationSemanticsBeforeInstructionResolution
272/397 Test #272: ResolvedModule.RunsDeclarationSemanticsBeforeInstructionResolution ................   Passed    0.01 sec
        Start 273: ResolvedModule.ResolvesACompatibleFunctionDefinitionScope
273/397 Test #273: ResolvedModule.ResolvesACompatibleFunctionDefinitionScope .........................   Passed    0.01 sec
        Start 274: ResolvedIrChecker.AcceptsAvailableVariant
274/397 Test #274: ResolvedIrChecker.AcceptsAvailableVariant .........................................   Passed    0.01 sec
        Start 275: ResolvedIrChecker.ChecksGeneratedBareRetAvailability
275/397 Test #275: ResolvedIrChecker.ChecksGeneratedBareRetAvailability ..............................   Passed    0.00 sec
        Start 276: ResolvedIrChecker.ChecksGeneratedBareExitAvailability
276/397 Test #276: ResolvedIrChecker.ChecksGeneratedBareExitAvailability .............................   Passed    0.00 sec
        Start 277: ResolvedIrChecker.ChecksGeneratedBareTrapAvailability
277/397 Test #277: ResolvedIrChecker.ChecksGeneratedBareTrapAvailability .............................   Passed    0.00 sec
        Start 278: ResolvedIrChecker.ChecksGeneratedAndB32Availability
278/397 Test #278: ResolvedIrChecker.ChecksGeneratedAndB32Availability ...............................   Passed    0.00 sec
        Start 279: ResolvedIrChecker.ChecksGeneratedOrB32Availability
279/397 Test #279: ResolvedIrChecker.ChecksGeneratedOrB32Availability ................................   Passed    0.00 sec
        Start 280: ResolvedIrChecker.ChecksGeneratedXorB32Availability
280/397 Test #280: ResolvedIrChecker.ChecksGeneratedXorB32Availability ...............................   Passed    0.00 sec
        Start 281: ResolvedIrChecker.ChecksGeneratedNotB32Availability
281/397 Test #281: ResolvedIrChecker.ChecksGeneratedNotB32Availability ...............................   Passed    0.00 sec
        Start 282: ResolvedIrChecker.ChecksGeneratedShlB32Availability
282/397 Test #282: ResolvedIrChecker.ChecksGeneratedShlB32Availability ...............................   Passed    0.00 sec
        Start 283: ResolvedIrChecker.ChecksGeneratedShrU32Availability
283/397 Test #283: ResolvedIrChecker.ChecksGeneratedShrU32Availability ...............................   Passed    0.00 sec
        Start 284: ResolvedIrChecker.ChecksGeneratedSetpLtU32Availability
284/397 Test #284: ResolvedIrChecker.ChecksGeneratedSetpLtU32Availability ............................   Passed    0.00 sec
        Start 285: ResolvedIrChecker.ChecksGeneratedSelpU32Availability
285/397 Test #285: ResolvedIrChecker.ChecksGeneratedSelpU32Availability ..............................   Passed    0.00 sec
        Start 286: ResolvedIrChecker.ChecksGeneratedCvtaGlobalU64Availability
286/397 Test #286: ResolvedIrChecker.ChecksGeneratedCvtaGlobalU64Availability ........................   Passed    0.00 sec
        Start 287: ResolvedIrChecker.ChecksGeneratedMulLoU32Availability
287/397 Test #287: ResolvedIrChecker.ChecksGeneratedMulLoU32Availability .............................   Passed    0.01 sec
        Start 288: ResolvedIrChecker.ChecksGeneratedMulRnF32Availability
288/397 Test #288: ResolvedIrChecker.ChecksGeneratedMulRnF32Availability .............................   Passed    0.01 sec
        Start 289: ResolvedIrChecker.ChecksGeneratedMadLoU32Availability
289/397 Test #289: ResolvedIrChecker.ChecksGeneratedMadLoU32Availability .............................   Passed    0.01 sec
        Start 290: ResolvedIrChecker.ChecksGeneratedFmaRnF32Availability
290/397 Test #290: ResolvedIrChecker.ChecksGeneratedFmaRnF32Availability .............................   Passed    0.01 sec
        Start 291: ResolvedIrChecker.ChecksGeneratedDivU32Availability
291/397 Test #291: ResolvedIrChecker.ChecksGeneratedDivU32Availability ...............................   Passed    0.01 sec
        Start 292: ResolvedIrChecker.ChecksGeneratedCvtS32U32Availability
292/397 Test #292: ResolvedIrChecker.ChecksGeneratedCvtS32U32Availability ............................   Passed    0.00 sec
        Start 293: ResolvedIrChecker.ChecksGeneratedCvtRnF32F64Availability
293/397 Test #293: ResolvedIrChecker.ChecksGeneratedCvtRnF32F64Availability ..........................   Passed    0.00 sec
        Start 294: ResolvedIrChecker.ChecksGeneratedCvtRziU32F32Availability
294/397 Test #294: ResolvedIrChecker.ChecksGeneratedCvtRziU32F32Availability .........................   Passed    0.01 sec
        Start 295: ResolvedIrChecker.AccumulatesTargetAvailabilityDiagnostics
295/397 Test #295: ResolvedIrChecker.AccumulatesTargetAvailabilityDiagnostics ........................   Passed    0.00 sec
        Start 296: ResolvedIrChecker.DiagnosesMissingGeneratedVariantDescriptor
296/397 Test #296: ResolvedIrChecker.DiagnosesMissingGeneratedVariantDescriptor ......................   Passed    0.01 sec
        Start 297: ResolvedIrChecker.ChecksSelectedModifierValueAvailability
297/397 Test #297: ResolvedIrChecker.ChecksSelectedModifierValueAvailability .........................   Passed    0.00 sec
        Start 298: ResolvedIrChecker.ChecksComparisonOperatorValueAvailability
298/397 Test #298: ResolvedIrChecker.ChecksComparisonOperatorValueAvailability .......................   Passed    0.00 sec
        Start 299: ResolvedIrChecker.ChecksBooleanOperatorValueAvailability
299/397 Test #299: ResolvedIrChecker.ChecksBooleanOperatorValueAvailability ..........................   Passed    0.01 sec
        Start 300: ResolvedIrChecker.IgnoresOmittedCacheSentinelAndChecksExplicitCache
300/397 Test #300: ResolvedIrChecker.IgnoresOmittedCacheSentinelAndChecksExplicitCache ...............   Passed    0.01 sec
        Start 301: ResolvedIrChecker.ChecksFixedScalarOperandTypeDescriptor
301/397 Test #301: ResolvedIrChecker.ChecksFixedScalarOperandTypeDescriptor ..........................   Passed    0.00 sec
        Start 302: ResolvedIrChecker.AppliesRegisterWidthPolicyFromOperandDescriptor
302/397 Test #302: ResolvedIrChecker.AppliesRegisterWidthPolicyFromOperandDescriptor .................   Passed    0.01 sec
        Start 303: ResolvedIrChecker.ChecksDynamicVectorArityAndElementPolicy
303/397 Test #303: ResolvedIrChecker.ChecksDynamicVectorArityAndElementPolicy ........................   Passed    0.00 sec
        Start 304: ResolvedIrChecker.RejectsOverwideVectorOperandPayload
304/397 Test #304: ResolvedIrChecker.RejectsOverwideVectorOperandPayload .............................   Passed    0.00 sec
        Start 305: ResolvedIrChecker.DiagnosesMissingStateSpaceField
305/397 Test #305: ResolvedIrChecker.DiagnosesMissingStateSpaceField .................................   Passed    0.00 sec
        Start 306: ResolvedIrChecker.RejectsAddressOutsideStaticStateSpaceAllowlist
306/397 Test #306: ResolvedIrChecker.RejectsAddressOutsideStaticStateSpaceAllowlist ..................   Passed    0.01 sec
        Start 307: ResolvedIrChecker.ChecksStaticAddressStateSpaceAvailability
307/397 Test #307: ResolvedIrChecker.ChecksStaticAddressStateSpaceAvailability .......................   Passed    0.01 sec
        Start 308: ResolvedIrChecker.ChecksInputParameterDirectionAndFunctionAvailability
308/397 Test #308: ResolvedIrChecker.ChecksInputParameterDirectionAndFunctionAvailability ............   Passed    0.01 sec
        Start 309: ResolvedIrChecker.ChecksReturnParameterAvailabilityWithoutFunctionKind
309/397 Test #309: ResolvedIrChecker.ChecksReturnParameterAvailabilityWithoutFunctionKind ............   Passed    0.01 sec
        Start 310: ResolvedIrChecker.GeneratedAddWrapperUsesYamlAvailability
310/397 Test #310: ResolvedIrChecker.GeneratedAddWrapperUsesYamlAvailability .........................   Passed    0.01 sec
        Start 311: ResolvedIrChecker.GeneratedSubWrapperUsesValueAvailability
311/397 Test #311: ResolvedIrChecker.GeneratedSubWrapperUsesValueAvailability ........................   Passed    0.01 sec
        Start 312: ResolvedIrChecker.GeneratedMergedAddVariantsUseValueAvailability
312/397 Test #312: ResolvedIrChecker.GeneratedMergedAddVariantsUseValueAvailability ..................   Passed    0.01 sec
        Start 313: ResolvedIrChecker.ChecksFloatingAddRoundingValueAvailability
313/397 Test #313: ResolvedIrChecker.ChecksFloatingAddRoundingValueAvailability ......................   Passed    0.01 sec
        Start 314: ResolvedIrChecker.ChecksFloatingAddVariantAvailability
314/397 Test #314: ResolvedIrChecker.ChecksFloatingAddVariantAvailability ............................   Passed    0.01 sec
        Start 315: ResolvedIrChecker.ChecksMixedPrecisionAddAvailability
315/397 Test #315: ResolvedIrChecker.ChecksMixedPrecisionAddAvailability .............................   Passed    0.01 sec
        Start 316: ResolvedIrChecker.GeneratedAddWrapperChecksImmediateTypeExpression
316/397 Test #316: ResolvedIrChecker.GeneratedAddWrapperChecksImmediateTypeExpression ................   Passed    0.01 sec
        Start 317: ResolvedIrChecker.GeneratedAddWrapperChecksSelectedOperandLayoutTag
317/397 Test #317: ResolvedIrChecker.GeneratedAddWrapperChecksSelectedOperandLayoutTag ...............   Passed    0.01 sec
        Start 318: ResolvedIrChecker.GeneratedBarWrapperRejectsMismatchedLayoutPayload
318/397 Test #318: ResolvedIrChecker.GeneratedBarWrapperRejectsMismatchedLayoutPayload ...............   Passed    0.01 sec
        Start 319: ResolvedIrChecker.GeneratedBarWrapperChecksLayoutAvailability
319/397 Test #319: ResolvedIrChecker.GeneratedBarWrapperChecksLayoutAvailability .....................   Passed    0.01 sec
        Start 320: ResolvedIrChecker.ChecksGeneratedMemoryConsistencyCrossRules
320/397 Test #320: ResolvedIrChecker.ChecksGeneratedMemoryConsistencyCrossRules ......................   Passed    0.00 sec
        Start 321: ResolvedIrChecker.ChecksStaticAddressAlignment
321/397 Test #321: ResolvedIrChecker.ChecksStaticAddressAlignment ....................................   Passed    0.01 sec
        Start 322: ResolvedIrChecker.ChecksGeneratedModernMemoryVectorCrossRules
322/397 Test #322: ResolvedIrChecker.ChecksGeneratedModernMemoryVectorCrossRules .....................   Passed    0.01 sec
        Start 323: ScalarTypeMetadata.InvalidHasInvalidKindAndZeroSize
323/397 Test #323: ScalarTypeMetadata.InvalidHasInvalidKindAndZeroSize ...............................   Passed    0.01 sec
        Start 324: ScalarTypeMetadata.AppliesExplicitRegisterSizePolicy
324/397 Test #324: ScalarTypeMetadata.AppliesExplicitRegisterSizePolicy ..............................   Passed    0.01 sec
        Start 325: ControlFlowSyntaxShape.ExposesDedicatedDescriptorFacingKinds
325/397 Test #325: ControlFlowSyntaxShape.ExposesDedicatedDescriptorFacingKinds ......................   Passed    0.01 sec
        Start 326: ResolveIndirectCallee.ResolvesStandaloneRegisterAndMetadataSpelling
326/397 Test #326: ResolveIndirectCallee.ResolvesStandaloneRegisterAndMetadataSpelling ...............   Passed    0.01 sec
        Start 327: ResolveIndirectCallee.BindsRegisterAndMetadataDeclarations
327/397 Test #327: ResolveIndirectCallee.BindsRegisterAndMetadataDeclarations ........................   Passed    0.00 sec
        Start 328: ResolveIndirectCallee.RejectsInvalidMetadataAndDirectCalleeKinds
328/397 Test #328: ResolveIndirectCallee.RejectsInvalidMetadataAndDirectCalleeKinds ..................   Passed    0.01 sec
        Start 329: SelectVariantAdd.SelectsEveryGeneratedVariant
329/397 Test #329: SelectVariantAdd.SelectsEveryGeneratedVariant .....................................   Passed    0.01 sec
        Start 330: SelectVariantAdd.ReportsUnknownModifier
330/397 Test #330: SelectVariantAdd.ReportsUnknownModifier ...........................................   Passed    0.00 sec
        Start 331: SelectVariantAdd.ReportsDuplicateModifierKind
331/397 Test #331: SelectVariantAdd.ReportsDuplicateModifierKind .....................................   Passed    0.00 sec
        Start 332: SelectVariantAdd.RejectsFloatingModifierOutsideItsForm
332/397 Test #332: SelectVariantAdd.RejectsFloatingModifierOutsideItsForm ............................   Passed    0.01 sec
        Start 333: SelectVariantAdd.ReportsUnmatchedModifierCombination
333/397 Test #333: SelectVariantAdd.ReportsUnmatchedModifierCombination ..............................   Passed    0.01 sec
        Start 334: SelectVariantSub.SelectsEveryGeneratedVariant
334/397 Test #334: SelectVariantSub.SelectsEveryGeneratedVariant .....................................   Passed    0.01 sec
        Start 335: SelectVariantBar.SelectsEveryGeneratedVariant
335/397 Test #335: SelectVariantBar.SelectsEveryGeneratedVariant .....................................   Passed    0.01 sec
        Start 336: SelectVariantLoadStore.SelectsLegalCacheOperatorsAndRejectsWrongOnes
336/397 Test #336: SelectVariantLoadStore.SelectsLegalCacheOperatorsAndRejectsWrongOnes ..............   Passed    0.01 sec
        Start 337: ResolveRet.SelectsBareVariantAndRejectsModifiersAndOperands
337/397 Test #337: ResolveRet.SelectsBareVariantAndRejectsModifiersAndOperands .......................   Passed    0.01 sec
        Start 338: ResolveExit.SelectsBareAndPredicatedVariantsAndRejectsInvalidSyntax
338/397 Test #338: ResolveExit.SelectsBareAndPredicatedVariantsAndRejectsInvalidSyntax ...............   Passed    0.01 sec
        Start 339: ResolveTrap.SelectsBareAndPredicatedVariantsAndRejectsInvalidSyntax
339/397 Test #339: ResolveTrap.SelectsBareAndPredicatedVariantsAndRejectsInvalidSyntax ...............   Passed    0.01 sec
        Start 340: ResolveAnd.SelectsB32VariantAndAcceptsImmediateSource
340/397 Test #340: ResolveAnd.SelectsB32VariantAndAcceptsImmediateSource .............................   Passed    0.01 sec
        Start 341: ResolveOr.SelectsB32VariantAndAcceptsImmediateSource
341/397 Test #341: ResolveOr.SelectsB32VariantAndAcceptsImmediateSource ..............................   Passed    0.01 sec
        Start 342: ResolveXor.SelectsB32VariantAndAcceptsImmediateSource
342/397 Test #342: ResolveXor.SelectsB32VariantAndAcceptsImmediateSource .............................   Passed    0.01 sec
        Start 343: ResolveNot.SelectsB32VariantAndAcceptsImmediateSource
343/397 Test #343: ResolveNot.SelectsB32VariantAndAcceptsImmediateSource .............................   Passed    0.01 sec
        Start 344: ResolveShl.SelectsB32VariantAndAcceptsImmediateAmount
344/397 Test #344: ResolveShl.SelectsB32VariantAndAcceptsImmediateAmount .............................   Passed    0.01 sec
        Start 345: ResolveShr.SelectsU32VariantAndAcceptsImmediateAmount
345/397 Test #345: ResolveShr.SelectsU32VariantAndAcceptsImmediateAmount .............................   Passed    0.01 sec
        Start 346: ResolveSetp.SelectsFrozenLtU32Variants
346/397 Test #346: ResolveSetp.SelectsFrozenLtU32Variants ............................................   Passed    0.01 sec
        Start 347: ResolveSelp.SelectsFrozenU32Variant
347/397 Test #347: ResolveSelp.SelectsFrozenU32Variant ...............................................   Passed    0.01 sec
        Start 348: ResolveCvta.SelectsFrozenGlobalU64Variants
348/397 Test #348: ResolveCvta.SelectsFrozenGlobalU64Variants ........................................   Passed    0.01 sec
        Start 349: ResolveCvta.RejectsWrongModifierOrderOrU32
349/397 Test #349: ResolveCvta.RejectsWrongModifierOrderOrU32 ........................................   Passed    0.01 sec
        Start 350: ResolveMul.SelectsFrozenLoU32VariantAndImmediateSource
350/397 Test #350: ResolveMul.SelectsFrozenLoU32VariantAndImmediateSource ............................   Passed    0.00 sec
        Start 351: ResolveMul.RejectsUnfrozenVariants
351/397 Test #351: ResolveMul.RejectsUnfrozenVariants ................................................   Passed    0.01 sec
        Start 352: ResolveMul.SelectsFrozenRnF32Variant
352/397 Test #352: ResolveMul.SelectsFrozenRnF32Variant ..............................................   Passed    0.00 sec
        Start 353: ResolveMul.RejectsUnfrozenFloatingVariants
353/397 Test #353: ResolveMul.RejectsUnfrozenFloatingVariants ........................................   Passed    0.01 sec
        Start 354: ResolveMul.RejectsImmediateFloatingOperand
354/397 Test #354: ResolveMul.RejectsImmediateFloatingOperand ........................................   Passed    0.01 sec
        Start 355: ResolveMad.SelectsFrozenLoU32VariantAndImmediateSource
355/397 Test #355: ResolveMad.SelectsFrozenLoU32VariantAndImmediateSource ............................   Passed    0.01 sec
        Start 356: ResolveMad.RejectsUnfrozenVariants
356/397 Test #356: ResolveMad.RejectsUnfrozenVariants ................................................   Passed    0.01 sec
        Start 357: ResolveFma.SelectsFrozenRnF32Variant
357/397 Test #357: ResolveFma.SelectsFrozenRnF32Variant ..............................................   Passed    0.01 sec
        Start 358: ResolveFma.RejectsUnfrozenVariants
358/397 Test #358: ResolveFma.RejectsUnfrozenVariants ................................................   Passed    0.01 sec
        Start 359: ResolveFma.RejectsImmediateOperand
359/397 Test #359: ResolveFma.RejectsImmediateOperand ................................................   Passed    0.01 sec
        Start 360: ResolveDiv.SelectsFrozenU32VariantAndAcceptsZeroImmediate
360/397 Test #360: ResolveDiv.SelectsFrozenU32VariantAndAcceptsZeroImmediate .........................   Passed    0.01 sec
        Start 361: ResolveDiv.RejectsUnfrozenVariants
361/397 Test #361: ResolveDiv.RejectsUnfrozenVariants ................................................   Passed    0.01 sec
        Start 362: ResolveCvt.SelectsFrozenS32U32Variant
362/397 Test #362: ResolveCvt.SelectsFrozenS32U32Variant .............................................   Passed    0.00 sec
        Start 363: ResolveCvt.SelectsFrozenRnF32F64Variant
363/397 Test #363: ResolveCvt.SelectsFrozenRnF32F64Variant ...........................................   Passed    0.01 sec
        Start 364: ResolveCvt.SelectsFrozenMixedVariants
364/397 Test #364: ResolveCvt.SelectsFrozenMixedVariants .............................................   Passed    0.01 sec
        Start 365: ResolveCvt.RejectsUnfrozenFloatVariants
365/397 Test #365: ResolveCvt.RejectsUnfrozenFloatVariants ...........................................   Passed    0.01 sec
        Start 366: ResolveCvt.RejectsUnfrozenMixedVariants
366/397 Test #366: ResolveCvt.RejectsUnfrozenMixedVariants ...........................................   Passed    0.00 sec
        Start 367: ResolveAdd.RejectsMismatchedOpcode
367/397 Test #367: ResolveAdd.RejectsMismatchedOpcode ................................................   Passed    0.00 sec
        Start 368: ResolveAdd.BuildsFloatingVariantWithTypedRoundingAndDefaults
368/397 Test #368: ResolveAdd.BuildsFloatingVariantWithTypedRoundingAndDefaults ......................   Passed    0.01 sec
        Start 369: ResolveAdd.BuildsMixedPrecisionVariantWithTwoTypeSlots
369/397 Test #369: ResolveAdd.BuildsMixedPrecisionVariantWithTwoTypeSlots ............................   Passed    0.00 sec
        Start 370: ResolveAdd.RejectsImmediateForRegisterOnlyPackedFloatingForm
370/397 Test #370: ResolveAdd.RejectsImmediateForRegisterOnlyPackedFloatingForm ......................   Passed    0.00 sec
        Start 371: ResolveAdd.BuildsResolvedIntegerVariantAndPreservesLocations
371/397 Test #371: ResolveAdd.BuildsResolvedIntegerVariantAndPreservesLocations ......................   Passed    0.00 sec
        Start 372: ResolveAdd.UsesFixedSatAndResolvedTypeForSatVariant
372/397 Test #372: ResolveAdd.UsesFixedSatAndResolvedTypeForSatVariant ...............................   Passed    0.01 sec
        Start 373: ResolveAdd.RejectsOperandLayoutBeforeFieldResolution
373/397 Test #373: ResolveAdd.RejectsOperandLayoutBeforeFieldResolution ..............................   Passed    0.01 sec
        Start 374: ResolveAdd.PreservesRegisterSpellingBeyondNumericIndex
374/397 Test #374: ResolveAdd.PreservesRegisterSpellingBeyondNumericIndex ............................   Passed    0.00 sec
        Start 375: ResolveAdd.RejectsPredicateInGeneralRegisterSlot
375/397 Test #375: ResolveAdd.RejectsPredicateInGeneralRegisterSlot ..................................   Passed    0.01 sec
        Start 376: ResolveAdd.PreservesOptionalModifierPresence
376/397 Test #376: ResolveAdd.PreservesOptionalModifierPresence ......................................   Passed    0.01 sec
        Start 377: ResolveInstruction.DispatchesByOpcodeIntoGeneratedVariant
377/397 Test #377: ResolveInstruction.DispatchesByOpcodeIntoGeneratedVariant .........................   Passed    0.01 sec
        Start 378: ResolveInstruction.RejectsUnknownOpcode
378/397 Test #378: ResolveInstruction.RejectsUnknownOpcode ...........................................   Passed    0.00 sec
        Start 379: ResolveInstruction.RejectsMalformedMetadataCallWithGenericLayoutError
379/397 Test #379: ResolveInstruction.RejectsMalformedMetadataCallWithGenericLayoutError .............   Passed    0.00 sec
        Start 380: ResolveLoadStore.PreservesCacheValuesAndOmittedSentinel
380/397 Test #380: ResolveLoadStore.PreservesCacheValuesAndOmittedSentinel ...........................   Passed    0.01 sec
        Start 381: ResolveLoadStore.PreservesMemoryConsistencyDefaultsAndExplicitWeak
381/397 Test #381: ResolveLoadStore.PreservesMemoryConsistencyDefaultsAndExplicitWeak ................   Passed    0.01 sec
        Start 382: ResolveLoadStore.ChecksMemoryConsistencyCrossRules
382/397 Test #382: ResolveLoadStore.ChecksMemoryConsistencyCrossRules ................................   Passed    0.00 sec
        Start 383: CollectActualModifiersAdd.BindsSpellingsToSelectedVariantSlots
383/397 Test #383: CollectActualModifiersAdd.BindsSpellingsToSelectedVariantSlots ....................   Passed    0.01 sec
        Start 384: CollectActualModifiersAdd.RejectsOutOfOrderMixedSlots
384/397 Test #384: CollectActualModifiersAdd.RejectsOutOfOrderMixedSlots .............................   Passed    0.01 sec
        Start 385: CollectActualModifiers.BindsRepeatedSpellingsToOrderedSlots
385/397 Test #385: CollectActualModifiers.BindsRepeatedSpellingsToOrderedSlots .......................   Passed    0.01 sec
        Start 386: ResolvedDescriptorAdd.OwnsResolvedFieldBindings
386/397 Test #386: ResolvedDescriptorAdd.OwnsResolvedFieldBindings ...................................   Passed    0.00 sec
        Start 387: ResolveSub.BuildsIntegerAndMixedPrecisionVariants
387/397 Test #387: ResolveSub.BuildsIntegerAndMixedPrecisionVariants .................................   Passed    0.00 sec
        Start 388: ResolveFieldsAdd.UsesResolvedFieldBindingsAndValueKinds
388/397 Test #388: ResolveFieldsAdd.UsesResolvedFieldBindingsAndValueKinds ...........................   Passed    0.01 sec
        Start 389: ResolveImmediateLiteral.SupportsIntegerSuffixesAndTargetWidth
389/397 Test #389: ResolveImmediateLiteral.SupportsIntegerSuffixesAndTargetWidth .....................   Passed    0.01 sec
        Start 390: ResolveImmediateLiteral.SupportsFloatingLexicalForms
390/397 Test #390: ResolveImmediateLiteral.SupportsFloatingLexicalForms ..............................   Passed    0.00 sec
        Start 391: ResolveCallLiteral.TypesAgainstTheFormalAndPreservesSourceRange
391/397 Test #391: ResolveCallLiteral.TypesAgainstTheFormalAndPreservesSourceRange ...................   Passed    0.01 sec
        Start 392: ResolveFields.AppliesTypedOptionalModifierDefault
392/397 Test #392: ResolveFields.AppliesTypedOptionalModifierDefault .................................   Passed    0.01 sec
        Start 393: ResolveFields.ResolvesComparisonOperatorModifier
393/397 Test #393: ResolveFields.ResolvesComparisonOperatorModifier ..................................   Passed    0.01 sec
        Start 394: ResolveFields.ResolvesBooleanOperatorModifier
394/397 Test #394: ResolveFields.ResolvesBooleanOperatorModifier .....................................   Passed    0.01 sec
        Start 395: ResolveBar.BuildsPredicateReductionWithThreadCount
395/397 Test #395: ResolveBar.BuildsPredicateReductionWithThreadCount ................................   Passed    0.01 sec
        Start 396: ResolveBar.RejectsGeneralRegisterInPredicateSlot
396/397 Test #396: ResolveBar.RejectsGeneralRegisterInPredicateSlot ..................................   Passed    0.01 sec
        Start 397: ptx_frontend.package_consumer
397/397 Test #397: ptx_frontend.package_consumer .....................................................   Passed    6.90 sec

100% tests passed, 0 tests failed out of 397

Total Test time (real) =  21.36 sec
